[36mvite v6.4.1 [32mbuilding for production...[36m[39m
transforming...
[32mΓ£ô[39m 2698 modules transformed.
rendering chunks...
computing gzip size...
[2mdist/[22m[32mindex.html                 [39m[1m[2m    0.47 kB[22m[1m[22m[2m Γöé gzip:   0.30 kB[22m
[2mdist/[22m[35massets/index-C2fZFVE1.css  [39m[1m[2m   52.31 kB[22m[1m[22m[2m Γöé gzip:   8.93 kB[22m
[2mdist/[22m[36massets/index-C2vZ2860.js   [39m[1m[33m1,421.01 kB[39m[22m[2m Γöé gzip: 407.02 kB[22m
node.exe : [33m
At line:1 char:1
+ & "H:\Program 
Files\nodejs/node.exe" 
"H:\Program Files\nodejs/node_mo 
...
+ ~~~~~~~~~~~~~~~~~~~~~~~~~~~~~~~
~~~~~~~~~~~~~~~~~~~~~~~~~~~~~~~~~
~~~~~
    + CategoryInfo          : No 
   tSpecified: ([33m:String) [  
  ], RemoteException
    + FullyQualifiedErrorId : Na 
   tiveCommandError
 
(!) Some chunks are larger than 
500 kB after minification. 
Consider:
- Using dynamic import() to 
code-split the application
- Use build.rollupOptions.output.
manualChunks to improve 
chunking: https://rollupjs.org/co
nfiguration-options/#output-manua
lchunks
- Adjust chunk size limit for 
this warning via 
build.chunkSizeWarningLimit.[39m
[32mΓ£ô built in 26.43s[39m
